INFO:Plots for every continent have been successfully created
INFO:Plots for every continent have been successfully created
INFO:dailyreport.txt has been successfully created
INFO:Plots for every continent have been successfully created
INFO:dailyreport.txt has been successfully created
INFO:Plots for every continent have been successfully created
INFO:dailyreport.txt has been successfully created
INFO:Plots for every continent have been successfully created
INFO:Plots for every continent have been successfully created
INFO:dailyreport.txt has been successfully created
INFO:Plots for every continent have been successfully created
INFO:dailyreport.txt has been successfully created
INFO:Plots for every continent have been successfully created
INFO:dailyreport.txt has been successfully created
INFO:Plots for every continent have been successfully created
INFO:dailyreport.txt has been successfully created
